Initial check results: 

SUCCESS: Submission has consistently named tex, bib, and R files
SUCCESS: File and directory names are compliant.
NOTE: Remove .log, .aux and .out files before submitting.
SUCCESS: No problematic file found
SUCCESS: Possible motivation letter found: motivation-letter.pdf
SUCCESS: Article title formatted in title case.
SUCCESS: Section titles formatted in sentence case.
SUCCESS: Abstract formatted in plain text.
Initial check results: 

SUCCESS: Submission has consistently named tex, bib, and R files
SUCCESS: File and directory names are compliant.
NOTE: Remove .log, .aux and .out files before submitting.
SUCCESS: No problematic file found
SUCCESS: Possible motivation letter found: motivation-letter.pdf
SUCCESS: Article title formatted in title case.
SUCCESS: Section titles formatted in sentence case.
SUCCESS: Abstract formatted in plain text.
Initial check results: 

SUCCESS: Submission has consistently named tex, bib, and R files
SUCCESS: File and directory names are compliant.
NOTE: Remove .log, .aux and .out files before submitting.
SUCCESS: No problematic file found
SUCCESS: Possible motivation letter found: motivation-letter.pdf
SUCCESS: Article title formatted in title case.
SUCCESS: Section titles formatted in sentence case.
ERROR: Abstract should be plain text without package markups,
mathematical notations, citation, or other formattings.
